0.7276558984465026,89

(0.7276558984465026 / 89) * 100  = 0.8176965290806754